// Jest Snapshot v1, https://goo.gl/fbAQLP

exports[`baseFilterTest.graphql 1`] = `
Object {
  "errors": Array [
    [GraphQLError: Field "taggable" is not defined by type ParentFilter. Did you mean taggs?],
    [GraphQLError: Field "uniqueTaggable" is not defined by type ForwardFilter. Did you mean uniqueTagg?],
  ],
}
`;
